[2026-09-15 14:13:51] local.ERROR: The H:\www\AtividadeRequestEventos-main\falaq-base\bootstrap\cache directory must be present and writable. {"exception":"[object] (Exception(code: 0): The H:\\www\\AtividadeRequestEventos-main\\falaq-base\\bootstrap\\cache directory must be present and writable. at H:/www/AtividadeRequestEventos-main/falaq-base/vendor/laravel/framework/src/Illuminate/Foundation/PackageManifest.php:179)
[stacktrace]
#0 H:/www/AtividadeRequestEventos-main/falaq-base/vendor/laravel/framework/src/Illuminate/Foundation/PackageManifest.php(132): Illuminate/Foundation/PackageManifest->write(Array)
#1 H:/www/AtividadeRequestEventos-main/falaq-base/vendor/laravel/framework/src/Illuminate/Foundation/PackageManifest.php(108): Illuminate/Foundation/PackageManifest->build()
#2 H:/www/AtividadeRequestEventos-main/falaq-base/vendor/laravel/framework/src/Illuminate/Foundation/PackageManifest.php(90): Illuminate/Foundation/PackageManifest->getManifest()
#3 H:/www/AtividadeRequestEventos-main/falaq-base/vendor/laravel/framework/src/Illuminate/Foundation/PackageManifest.php(79): Illuminate/Foundation/PackageManifest->config('aliases')
#4 H:/www/AtividadeRequestEventos-main/falaq-base/vendor/laravel/framework/src/Illuminate/Foundation/Bootstrap/RegisterFacades.php(26): Illuminate/Foundation/PackageManifest->aliases()
#5 H:/www/AtividadeRequestEventos-main/falaq-base/vendor/laravel/framework/src/Illuminate/Foundation/Application.php(342): Illuminate/Foundation/Bootstrap/RegisterFacades->bootstrap(Object(Illuminate/Foundation/Application))
#6 H:/www/AtividadeRequestEventos-main/falaq-base/vendor/laravel/framework/src/Illuminate/Foundation/Console/Kernel.php(494): Illuminate/Foundation/Application->bootstrapWith(Array)
#7 H:/www/AtividadeRequestEventos-main/falaq-base/vendor/laravel/framework/src/Illuminate/Foundation/Console/Kernel.php(196): Illuminate/Foundation/Console/Kernel->bootstrap()
#8 H:/www/AtividadeRequestEventos-main/falaq-base/vendor/laravel/framework/src/Illuminate/Foundation/Application.php(1235): Illuminate/Foundation/Console/Kernel->handle(Object(Symfony/Component/Console/Input/ArgvInput), Object(Symfony/Component/Console/Output/ConsoleOutput))
#9 H:/www/AtividadeRequestEventos-main/falaq-base/artisan(16): Illuminate/Foundation/Application->handleCommand(Object(Symfony/Component/Console/Input/ArgvInput))
#10 {main}
"} 
[2026-09-15 14:14:50] local.ERROR: The H:\www\AtividadeRequestEventos-main\falaq-base\bootstrap\cache directory must be present and writable. {"exception":"[object] (Exception(code: 0): The H:\\www\\AtividadeRequestEventos-main\\falaq-base\\bootstrap\\cache directory must be present and writable. at H:/www/AtividadeRequestEventos-main/falaq-base/vendor/laravel/framework/src/Illuminate/Foundation/PackageManifest.php:179)
[stacktrace]
#0 H:/www/AtividadeRequestEventos-main/falaq-base/vendor/laravel/framework/src/Illuminate/Foundation/PackageManifest.php(132): Illuminate/Foundation/PackageManifest->write(Array)
#1 H:/www/AtividadeRequestEventos-main/falaq-base/vendor/laravel/framework/src/Illuminate/Foundation/PackageManifest.php(108): Illuminate/Foundation/PackageManifest->build()
#2 H:/www/AtividadeRequestEventos-main/falaq-base/vendor/laravel/framework/src/Illuminate/Foundation/PackageManifest.php(90): Illuminate/Foundation/PackageManifest->getManifest()
#3 H:/www/AtividadeRequestEventos-main/falaq-base/vendor/laravel/framework/src/Illuminate/Foundation/PackageManifest.php(79): Illuminate/Foundation/PackageManifest->config('aliases')
#4 H:/www/AtividadeRequestEventos-main/falaq-base/vendor/laravel/framework/src/Illuminate/Foundation/Bootstrap/RegisterFacades.php(26): Illuminate/Foundation/PackageManifest->aliases()
#5 H:/www/AtividadeRequestEventos-main/falaq-base/vendor/laravel/framework/src/Illuminate/Foundation/Application.php(342): Illuminate/Foundation/Bootstrap/RegisterFacades->bootstrap(Object(Illuminate/Foundation/Application))
#6 H:/www/AtividadeRequestEventos-main/falaq-base/vendor/laravel/framework/src/Illuminate/Foundation/Console/Kernel.php(494): Illuminate/Foundation/Application->bootstrapWith(Array)
#7 H:/www/AtividadeRequestEventos-main/falaq-base/vendor/laravel/framework/src/Illuminate/Foundation/Console/Kernel.php(196): Illuminate/Foundation/Console/Kernel->bootstrap()
#8 H:/www/AtividadeRequestEventos-main/falaq-base/vendor/laravel/framework/src/Illuminate/Foundation/Application.php(1235): Illuminate/Foundation/Console/Kernel->handle(Object(Symfony/Component/Console/Input/ArgvInput), Object(Symfony/Component/Console/Output/ConsoleOutput))
#9 H:/www/AtividadeRequestEventos-main/falaq-base/artisan(16): Illuminate/Foundation/Application->handleCommand(Object(Symfony/Component/Console/Input/ArgvInput))
#10 {main}
"} 
[2026-09-15 14:16:20] local.ERROR: The H:\www\AtividadeRequestEventos-main\falaq-base\bootstrap\cache directory must be present and writable. {"exception":"[object] (Exception(code: 0): The H:\\www\\AtividadeRequestEventos-main\\falaq-base\\bootstrap\\cache directory must be present and writable. at H:/www/AtividadeRequestEventos-main/falaq-base/vendor/laravel/framework/src/Illuminate/Foundation/PackageManifest.php:179)
[stacktrace]
#0 H:/www/AtividadeRequestEventos-main/falaq-base/vendor/laravel/framework/src/Illuminate/Foundation/PackageManifest.php(132): Illuminate/Foundation/PackageManifest->write(Array)
#1 H:/www/AtividadeRequestEventos-main/falaq-base/vendor/laravel/framework/src/Illuminate/Foundation/PackageManifest.php(108): Illuminate/Foundation/PackageManifest->build()
#2 H:/www/AtividadeRequestEventos-main/falaq-base/vendor/laravel/framework/src/Illuminate/Foundation/PackageManifest.php(90): Illuminate/Foundation/PackageManifest->getManifest()
#3 H:/www/AtividadeRequestEventos-main/falaq-base/vendor/laravel/framework/src/Illuminate/Foundation/PackageManifest.php(79): Illuminate/Foundation/PackageManifest->config('aliases')
#4 H:/www/AtividadeRequestEventos-main/falaq-base/vendor/laravel/framework/src/Illuminate/Foundation/Bootstrap/RegisterFacades.php(26): Illuminate/Foundation/PackageManifest->aliases()
#5 H:/www/AtividadeRequestEventos-main/falaq-base/vendor/laravel/framework/src/Illuminate/Foundation/Application.php(342): Illuminate/Foundation/Bootstrap/RegisterFacades->bootstrap(Object(Illuminate/Foundation/Application))
#6 H:/www/AtividadeRequestEventos-main/falaq-base/vendor/laravel/framework/src/Illuminate/Foundation/Console/Kernel.php(494): Illuminate/Foundation/Application->bootstrapWith(Array)
#7 H:/www/AtividadeRequestEventos-main/falaq-base/vendor/laravel/framework/src/Illuminate/Foundation/Console/Kernel.php(196): Illuminate/Foundation/Console/Kernel->bootstrap()
#8 H:/www/AtividadeRequestEventos-main/falaq-base/vendor/laravel/framework/src/Illuminate/Foundation/Application.php(1235): Illuminate/Foundation/Console/Kernel->handle(Object(Symfony/Component/Console/Input/ArgvInput), Object(Symfony/Component/Console/Output/ConsoleOutput))
#9 H:/www/AtividadeRequestEventos-main/falaq-base/artisan(16): Illuminate/Foundation/Application->handleCommand(Object(Symfony/Component/Console/Input/ArgvInput))
#10 {main}
"} 
[2026-09-15 14:23:23] local.ERROR: The H:\www\AtividadeRequestEventos-main\falaq-base\bootstrap\cache directory must be present and writable. {"exception":"[object] (Exception(code: 0): The H:\\www\\AtividadeRequestEventos-main\\falaq-base\\bootstrap\\cache directory must be present and writable. at H:/www/AtividadeRequestEventos-main/falaq-base/vendor/laravel/framework/src/Illuminate/Foundation/PackageManifest.php:179)
[stacktrace]
#0 H:/www/AtividadeRequestEventos-main/falaq-base/vendor/laravel/framework/src/Illuminate/Foundation/PackageManifest.php(132): Illuminate/Foundation/PackageManifest->write(Array)
#1 H:/www/AtividadeRequestEventos-main/falaq-base/vendor/laravel/framework/src/Illuminate/Foundation/PackageManifest.php(108): Illuminate/Foundation/PackageManifest->build()
#2 H:/www/AtividadeRequestEventos-main/falaq-base/vendor/laravel/framework/src/Illuminate/Foundation/PackageManifest.php(90): Illuminate/Foundation/PackageManifest->getManifest()
#3 H:/www/AtividadeRequestEventos-main/falaq-base/vendor/laravel/framework/src/Illuminate/Foundation/PackageManifest.php(79): Illuminate/Foundation/PackageManifest->config('aliases')
#4 H:/www/AtividadeRequestEventos-main/falaq-base/vendor/laravel/framework/src/Illuminate/Foundation/Bootstrap/RegisterFacades.php(26): Illuminate/Foundation/PackageManifest->aliases()
#5 H:/www/AtividadeRequestEventos-main/falaq-base/vendor/laravel/framework/src/Illuminate/Foundation/Application.php(342): Illuminate/Foundation/Bootstrap/RegisterFacades->bootstrap(Object(Illuminate/Foundation/Application))
#6 H:/www/AtividadeRequestEventos-main/falaq-base/vendor/laravel/framework/src/Illuminate/Foundation/Console/Kernel.php(494): Illuminate/Foundation/Application->bootstrapWith(Array)
#7 H:/www/AtividadeRequestEventos-main/falaq-base/vendor/laravel/framework/src/Illuminate/Foundation/Console/Kernel.php(196): Illuminate/Foundation/Console/Kernel->bootstrap()
#8 H:/www/AtividadeRequestEventos-main/falaq-base/vendor/laravel/framework/src/Illuminate/Foundation/Application.php(1235): Illuminate/Foundation/Console/Kernel->handle(Object(Symfony/Component/Console/Input/ArgvInput), Object(Symfony/Component/Console/Output/ConsoleOutput))
#9 H:/www/AtividadeRequestEventos-main/falaq-base/artisan(16): Illuminate/Foundation/Application->handleCommand(Object(Symfony/Component/Console/Input/ArgvInput))
#10 {main}
"} 
[2026-09-15 14:24:26] local.ERROR: The H:\www\AtividadeRequestEventos-main\falaq-base\bootstrap\cache directory must be present and writable. {"exception":"[object] (Exception(code: 0): The H:\\www\\AtividadeRequestEventos-main\\falaq-base\\bootstrap\\cache directory must be present and writable. at H:/www/AtividadeRequestEventos-main/falaq-base/vendor/laravel/framework/src/Illuminate/Foundation/PackageManifest.php:179)
[stacktrace]
#0 H:/www/AtividadeRequestEventos-main/falaq-base/vendor/laravel/framework/src/Illuminate/Foundation/PackageManifest.php(132): Illuminate/Foundation/PackageManifest->write(Array)
#1 H:/www/AtividadeRequestEventos-main/falaq-base/vendor/laravel/framework/src/Illuminate/Foundation/PackageManifest.php(108): Illuminate/Foundation/PackageManifest->build()
#2 H:/www/AtividadeRequestEventos-main/falaq-base/vendor/laravel/framework/src/Illuminate/Foundation/PackageManifest.php(90): Illuminate/Foundation/PackageManifest->getManifest()
#3 H:/www/AtividadeRequestEventos-main/falaq-base/vendor/laravel/framework/src/Illuminate/Foundation/PackageManifest.php(79): Illuminate/Foundation/PackageManifest->config('aliases')
#4 H:/www/AtividadeRequestEventos-main/falaq-base/vendor/laravel/framework/src/Illuminate/Foundation/Bootstrap/RegisterFacades.php(26): Illuminate/Foundation/PackageManifest->aliases()
#5 H:/www/AtividadeRequestEventos-main/falaq-base/vendor/laravel/framework/src/Illuminate/Foundation/Application.php(342): Illuminate/Foundation/Bootstrap/RegisterFacades->bootstrap(Object(Illuminate/Foundation/Application))
#6 H:/www/AtividadeRequestEventos-main/falaq-base/vendor/laravel/framework/src/Illuminate/Foundation/Console/Kernel.php(494): Illuminate/Foundation/Application->bootstrapWith(Array)
#7 H:/www/AtividadeRequestEventos-main/falaq-base/vendor/laravel/framework/src/Illuminate/Foundation/Console/Kernel.php(196): Illuminate/Foundation/Console/Kernel->bootstrap()
#8 H:/www/AtividadeRequestEventos-main/falaq-base/vendor/laravel/framework/src/Illuminate/Foundation/Application.php(1235): Illuminate/Foundation/Console/Kernel->handle(Object(Symfony/Component/Console/Input/ArgvInput), Object(Symfony/Component/Console/Output/ConsoleOutput))
#9 H:/www/AtividadeRequestEventos-main/falaq-base/artisan(16): Illuminate/Foundation/Application->handleCommand(Object(Symfony/Component/Console/Input/ArgvInput))
#10 {main}
"} 
[2026-09-15 14:28:37] local.ERROR: The H:\www\AtividadeRequestEventos-main\falaq-base\bootstrap\cache directory must be present and writable. {"exception":"[object] (Exception(code: 0): The H:\\www\\AtividadeRequestEventos-main\\falaq-base\\bootstrap\\cache directory must be present and writable. at H:/www/AtividadeRequestEventos-main/falaq-base/vendor/laravel/framework/src/Illuminate/Foundation/PackageManifest.php:179)
[stacktrace]
#0 H:/www/AtividadeRequestEventos-main/falaq-base/vendor/laravel/framework/src/Illuminate/Foundation/PackageManifest.php(132): Illuminate/Foundation/PackageManifest->write(Array)
#1 H:/www/AtividadeRequestEventos-main/falaq-base/vendor/laravel/framework/src/Illuminate/Foundation/PackageManifest.php(108): Illuminate/Foundation/PackageManifest->build()
#2 H:/www/AtividadeRequestEventos-main/falaq-base/vendor/laravel/framework/src/Illuminate/Foundation/PackageManifest.php(90): Illuminate/Foundation/PackageManifest->getManifest()
#3 H:/www/AtividadeRequestEventos-main/falaq-base/vendor/laravel/framework/src/Illuminate/Foundation/PackageManifest.php(79): Illuminate/Foundation/PackageManifest->config('aliases')
#4 H:/www/AtividadeRequestEventos-main/falaq-base/vendor/laravel/framework/src/Illuminate/Foundation/Bootstrap/RegisterFacades.php(26): Illuminate/Foundation/PackageManifest->aliases()
#5 H:/www/AtividadeRequestEventos-main/falaq-base/vendor/laravel/framework/src/Illuminate/Foundation/Application.php(342): Illuminate/Foundation/Bootstrap/RegisterFacades->bootstrap(Object(Illuminate/Foundation/Application))
#6 H:/www/AtividadeRequestEventos-main/falaq-base/vendor/laravel/framework/src/Illuminate/Foundation/Console/Kernel.php(494): Illuminate/Foundation/Application->bootstrapWith(Array)
#7 H:/www/AtividadeRequestEventos-main/falaq-base/vendor/laravel/framework/src/Illuminate/Foundation/Console/Kernel.php(196): Illuminate/Foundation/Console/Kernel->bootstrap()
#8 H:/www/AtividadeRequestEventos-main/falaq-base/vendor/laravel/framework/src/Illuminate/Foundation/Application.php(1235): Illuminate/Foundation/Console/Kernel->handle(Object(Symfony/Component/Console/Input/ArgvInput), Object(Symfony/Component/Console/Output/ConsoleOutput))
#9 H:/www/AtividadeRequestEventos-main/falaq-base/artisan(16): Illuminate/Foundation/Application->handleCommand(Object(Symfony/Component/Console/Input/ArgvInput))
#10 {main}
"} 
